-
    title: Title
    slug: slug
    status: published
    template: custom
    created_at: 1704099600
    updated_at: 1704099600
    content: {  }
